
> xuexizhitu-frontend-foundation@0.0.1 build
> npm run typecheck && vite build


> xuexizhitu-frontend-foundation@0.0.1 typecheck
> tsc --noEmit -p tsconfig.app.json && tsc --noEmit -p tsconfig.node.json

vite v8.3.2 building client environment for production...
transforming...
✓ 2582 modules transformed.
rendering chunks...
computing gzip size...
dist/index.html                                         0.79 kB │ gzip:  0.42 kB
dist/assets/KaTeX_Size3-Regular-CTq5MqoE.woff           4.42 kB
dist/assets/KaTeX_Size4-Regular-Dl5lxZxV.woff2          4.92 kB
dist/assets/KaTeX_Size2-Regular-Dy4dx90m.woff2          5.20 kB
dist/assets/KaTeX_Size1-Regular-mCD8mA8B.woff2          5.46 kB
dist/assets/KaTeX_Size4-Regular-BF-4gkZK.woff           5.98 kB
dist/assets/KaTeX_Size2-Regular-oD1tc_U0.woff           6.18 kB
dist/assets/KaTeX_Size1-Regular-C195tn64.woff           6.49 kB
dist/assets/KaTeX_Caligraphic-Regular-Di6jR-x-.woff2    6.90 kB
dist/assets/KaTeX_Caligraphic-Bold-Dq_IR9rO.woff2       6.91 kB
dist/assets/KaTeX_Size3-Regular-DgpXs0kz.ttf            7.58 kB
dist/assets/KaTeX_Caligraphic-Regular-CTRA-rTL.woff     7.65 kB
dist/assets/KaTeX_Caligraphic-Bold-BEiXGLvX.woff        7.71 kB
dist/assets/KaTeX_Script-Regular-D3wIWfF6.woff2         9.64 kB
dist/assets/KaTeX_SansSerif-Regular-DDBCnlJ7.woff2     10.34 kB
dist/assets/KaTeX_Size4-Regular-DWFBv043.ttf           10.36 kB
dist/assets/KaTeX_Script-Regular-D5yQViql.woff         10.58 kB
dist/assets/KaTeX_Fraktur-Regular-CTYiF6lA.woff2       11.31 kB
dist/assets/KaTeX_Fraktur-Bold-CL6g_b3V.woff2          11.34 kB
dist/assets/KaTeX_Size2-Regular-B7gKUWhC.ttf           11.50 kB
dist/assets/KaTeX_SansSerif-Italic-C3H0VqGB.woff2      12.02 kB
dist/assets/KaTeX_SansSerif-Bold-D1sUS0GD.woff2        12.21 kB
dist/assets/KaTeX_Size1-Regular-Dbsnue_I.ttf           12.22 kB
dist/assets/KaTeX_SansSerif-Regular-CS6fqUqJ.woff      12.31 kB
dist/assets/KaTeX_Caligraphic-Regular-wX97UBjC.ttf     12.34 kB
dist/assets/KaTeX_Caligraphic-Bold-ATXxdsX0.ttf        12.36 kB
dist/assets/KaTeX_Fraktur-Regular-Dxdc4cR9.woff        13.20 kB
dist/assets/KaTeX_Fraktur-Bold-BsDP51OF.woff           13.29 kB
dist/assets/KaTeX_Typewriter-Regular-CO6r4hn1.woff2    13.56 kB
dist/assets/KaTeX_SansSerif-Italic-DN2j7dab.woff       14.11 kB
dist/assets/KaTeX_SansSerif-Bold-DbIhKOiC.woff         14.40 kB
dist/assets/KaTeX_Typewriter-Regular-C0xS9mPB.woff     16.02 kB
dist/assets/KaTeX_Math-BoldItalic-CZnvNsCZ.woff2       16.40 kB
dist/assets/KaTeX_Math-Italic-t53AETM-.woff2           16.44 kB
dist/assets/KaTeX_Script-Regular-C5JkGWo-.ttf          16.64 kB
dist/assets/KaTeX_Main-BoldItalic-DxDJ3AOS.woff2       16.78 kB
dist/assets/KaTeX_Main-Italic-NWA7e6Wa.woff2           16.98 kB
dist/assets/KaTeX_Math-BoldItalic-iY-2wyZ7.woff        18.66 kB
dist/assets/KaTeX_Math-Italic-DA0__PXp.woff            18.74 kB
dist/assets/KaTeX_Main-BoldItalic-SpSLRI95.woff        19.41 kB
dist/assets/KaTeX_SansSerif-Regular-BNo7hRIc.ttf       19.43 kB
dist/assets/KaTeX_Fraktur-Regular-CB_wures.ttf         19.57 kB
dist/assets/KaTeX_Fraktur-Bold-BdnERNNW.ttf            19.58 kB
dist/assets/KaTeX_Main-Italic-BMLOBm91.woff            19.67 kB
dist/assets/KaTeX_SansSerif-Italic-YYjJ1zSn.ttf        22.36 kB
dist/assets/KaTeX_SansSerif-Bold-CFMepnvq.ttf          24.50 kB
dist/assets/KaTeX_Main-Bold-Cx986IdX.woff2             25.32 kB
dist/assets/KaTeX_Main-Regular-B22Nviop.woff2          26.27 kB
dist/assets/KaTeX_Typewriter-Regular-D3Ib7_Hf.ttf      27.55 kB
dist/assets/KaTeX_AMS-Regular-BQhdFMY1.woff2           28.07 kB
dist/assets/KaTeX_Main-Bold-Jm3AIy58.woff              29.91 kB
dist/assets/KaTeX_Main-Regular-Dr94JaBh.woff           30.77 kB
dist/assets/KaTeX_Math-BoldItalic-B3XSjfu4.ttf         31.19 kB
dist/assets/KaTeX_Math-Italic-flOr_0UB.ttf             31.30 kB
dist/assets/KaTeX_Main-BoldItalic-DzxPMmG6.ttf         32.96 kB
dist/assets/KaTeX_AMS-Regular-DMm9YOAa.woff            33.51 kB
dist/assets/KaTeX_Main-Italic-3WenGoN9.ttf             33.58 kB
dist/assets/KaTeX_Main-Bold-waoOVXN0.ttf               51.33 kB
dist/assets/KaTeX_Main-Regular-ypZvNtVU.ttf            53.58 kB
dist/assets/KaTeX_AMS-Regular-DRggAlZN.ttf             63.63 kB
dist/assets/NoteEditor-C_scct7i.css                     1.69 kB │ gzip:  0.64 kB
dist/assets/AssessmentPage-DuVLKUWP.css                 1.84 kB │ gzip:  0.67 kB
dist/assets/PracticeSelectionPage-RN_TPSkw.css          3.01 kB │ gzip:  0.90 kB
dist/assets/ExamsPage-CeVmZ1Vm.css                      3.11 kB │ gzip:  0.95 kB
dist/assets/SchedulePage-DiJkn9KP.css                   3.51 kB │ gzip:  1.00 kB
dist/assets/PracticePage-BM3rO4kq.css                   3.65 kB │ gzip:  0.97 kB
dist/assets/CatalogPage-qzYbbPZ7.css                    4.06 kB │ gzip:  1.08 kB
dist/assets/ManualReader-CT-MUZ3a.css                   5.03 kB │ gzip:  1.39 kB
dist/assets/KnowledgePage-DkAtqYUU.css                  5.12 kB │ gzip:  1.43 kB
dist/assets/dashboard-ChJBLOBB.css                      6.25 kB │ gzip:  1.87 kB
dist/assets/index-CkS-5q9a.css                         15.12 kB │ gzip:  4.09 kB
dist/assets/katex-Ngnvt50Q.css                         29.80 kB │ gzip:  7.97 kB
dist/assets/MathText-Ds04Us86.js                        0.03 kB │ gzip:  0.05 kB
dist/assets/check-CvcgKVz4.js                           0.16 kB │ gzip:  0.16 kB
dist/assets/progress-Dvxo7AtI.js                        0.18 kB │ gzip:  0.16 kB
dist/assets/arrow-left-CqZsmWnp.js                      0.20 kB │ gzip:  0.18 kB
dist/assets/arrow-right-C3vZ35dn.js                     0.20 kB │ gzip:  0.18 kB
dist/assets/search-U5z7OJID.js                          0.21 kB │ gzip:  0.19 kB
dist/assets/circle-check-BME6nlR8.js                    0.25 kB │ gzip:  0.21 kB
dist/assets/external-link-CEIkvMmd.js                   0.29 kB │ gzip:  0.22 kB
dist/assets/lock-keyhole-B_Mo913J.js                    0.29 kB │ gzip:  0.24 kB
dist/assets/triangle-alert-Cyp8zqbF.js                  0.33 kB │ gzip:  0.25 kB
dist/assets/RouteRoot-zo0rfD07.js                       0.35 kB │ gzip:  0.30 kB
dist/assets/NotFoundPage-BzrXNZv-.js                    0.38 kB │ gzip:  0.33 kB
dist/assets/loader-circle-2B6ftbre.js                   0.45 kB │ gzip:  0.29 kB
dist/assets/date-D9pVnJjT.js                            0.53 kB │ gzip:  0.37 kB
dist/assets/calendar-days-DXncHRu3.js                   0.53 kB │ gzip:  0.29 kB
dist/assets/PlaceholderPage-Dkxyefi5.js                 0.56 kB │ gzip:  0.39 kB
dist/assets/ErrorState-CPk5Lc5n.js                      0.58 kB │ gzip:  0.41 kB
dist/assets/json-PmyKWHmm.js                            0.58 kB │ gzip:  0.41 kB
dist/assets/jsx-runtime-CriDp1zE.js                     0.66 kB │ gzip:  0.43 kB
dist/assets/ProgressBar-BHYo_qGI.js                     0.69 kB │ gzip:  0.39 kB
dist/assets/Card-DsD6hxv7.js                            0.87 kB │ gzip:  0.49 kB
dist/assets/MathText-C2ENGnxA.js                        1.00 kB │ gzip:  0.55 kB
dist/assets/practice-DridQ6Ft.js                        1.29 kB │ gzip:  0.35 kB
dist/assets/xml-COl5yFSC.js                             1.86 kB │ gzip:  0.76 kB
dist/assets/LoginPage-CeCycT6K.js                       2.00 kB │ gzip:  1.08 kB
dist/assets/Modal-C3WeiTdx.js                           2.14 kB │ gzip:  1.00 kB
dist/assets/CourseQuickNote-YR851qvN.js                 2.46 kB │ gzip:  1.23 kB
dist/assets/CoursesPage-B3BzdxRF.js                     2.54 kB │ gzip:  1.25 kB
dist/assets/ManualPage-B_079hnC.js                      2.57 kB │ gzip:  1.11 kB
dist/assets/java-Dde-Wnb4.js                            2.72 kB │ gzip:  1.21 kB
dist/assets/bash-LmRjUKlR.js                            2.83 kB │ gzip:  1.56 kB
dist/assets/schedule-DKH80UAi.js                        2.84 kB │ gzip:  1.22 kB
dist/assets/python-gHmu6VPG.js                          3.31 kB │ gzip:  1.48 kB
dist/assets/dashboard-Nga2tL04.js                       4.49 kB │ gzip:  1.93 kB
dist/assets/c-DBVbJFpC.js                               4.53 kB │ gzip:  2.03 kB
dist/assets/sql-DWRKyvJ-.js                             5.56 kB │ gzip:  2.40 kB
dist/assets/cpp-N2d8M7Nc.js                             5.58 kB │ gzip:  2.52 kB
dist/assets/NoteEditor-DDA1ndOS.js                      5.90 kB │ gzip:  2.71 kB
dist/assets/javascript-8AmHuH5O.js                      6.35 kB │ gzip:  2.61 kB
dist/assets/react-CYoUnH_4.js                           7.16 kB │ gzip:  2.83 kB
dist/assets/typescript-CxkPLmSc.js                      7.60 kB │ gzip:  3.08 kB
dist/assets/DashboardPage-BRbOQFCr.js                   7.67 kB │ gzip:  2.88 kB
dist/assets/NotesPage-CoIzkYdY.js                       7.75 kB │ gzip:  3.10 kB
dist/assets/CatalogPage-CRuKNYJN.js                    11.63 kB │ gzip:  4.13 kB
dist/assets/css-D8M8GYaw.js                            12.03 kB │ gzip:  4.30 kB
dist/assets/PracticeSelectionPage-qAKAK8rp.js          12.60 kB │ gzip:  3.83 kB
dist/assets/PracticePage-Dp9ZdC6p.js                   14.97 kB │ gzip:  5.73 kB
dist/assets/KnowledgePage-45FnNpKe.js                  18.09 kB │ gzip:  6.17 kB
dist/assets/SchedulePage-Db3vJCr1.js                   18.16 kB │ gzip:  5.93 kB
dist/assets/AssessmentPage-B7s752c6.js                 18.86 kB │ gzip:  6.48 kB
dist/assets/ExamsPage-o8xiozcM.js                      21.56 kB │ gzip:  7.56 kB
dist/assets/highlight-lD_0hFVB.js                      23.64 kB │ gzip:  9.10 kB
dist/assets/index-wy0JqUW_.js                          33.32 kB │ gzip: 11.27 kB
dist/assets/ManualReader-B8kQrFke.js                   52.80 kB │ gzip: 16.86 kB
dist/assets/createLucideIcon-BAiHoAOt.js               60.10 kB │ gzip: 20.33 kB
dist/assets/lib-BMqnZHgw.js                           122.62 kB │ gzip: 37.31 kB
dist/assets/navigation-DVe9wTrW.js                    223.44 kB │ gzip: 75.10 kB
dist/assets/MathRenderer-D6o8XYNF.js                  259.50 kB │ gzip: 77.73 kB
dist/assets/rehype-katex-DwLnSJJP.js                  267.79 kB │ gzip: 80.88 kB

✓ built in 460ms
